app/(tabs)/settings.tsx(217,41): error TS2367: This comparison appears to be unintentional because the types 'string' and 'CurrencyInfo' have no overlap.
app/(tabs)/settings.tsx(220,58): error TS2322: Type 'CurrencyInfo' is not assignable to type 'string'.
app/(tabs)/settings.tsx(225,75): error TS2769: No overload matches this call.
  Overload 1 of 2, '(props: TextProps): Text', gave the following error.
    Type 'CurrencyInfo' is not assignable to type 'ReactNode'.
  Overload 2 of 2, '(props: TextProps, context: any): Text', gave the following error.
    Type 'CurrencyInfo' is not assignable to type 'ReactNode'.
app/(tabs)/settings.tsx(228,38): error TS2367: This comparison appears to be unintentional because the types 'string' and 'CurrencyInfo' have no overlap.
app/product/add.tsx(371,12): error TS2304: Cannot find name 'Shadows'.
